Archive member included to satisfy reference by file (symbol)

/opt/st/stm32cubeide_1.19.0/plugins/com.st.stm32cube.ide.mcu.externaltools.gnu-tools-for-stm32.13.3.rel1.linux64_1.0.0.202410170706/tools/bin/../lib/gcc/arm-none-eabi/13.3.1/../../../../arm-none-eabi/lib/thumb/v7e-m+fp/hard/libc_nano.a(libc_a-exit.o)
                              /opt/st/stm32cubeide_1.19.0/plugins/com.st.stm32cube.ide.mcu.externaltools.gnu-tools-for-stm32.13.3.rel1.linux64_1.0.0.202410170706/tools/bin/../lib/gcc/arm-none-eabi/13.3.1/../../../../arm-none-eabi/lib/thumb/v7e-m+fp/hard/crt0.o (exit)
/opt/st/stm32cubeide_1.19.0/plugins/com.st.stm32cube.ide.mcu.externaltools.gnu-tools-for-stm32.13.3.rel1.linux64_1.0.0.202410170706/tools/bin/../lib/gcc/arm-none-eabi/13.3.1/../../../../arm-none-eabi/lib/thumb/v7e-m+fp/hard/libc_nano.a(libc_a-findfp.o)
                              /opt/st/stm32cubeide_1.19.0/plugins/com.st.stm32cube.ide.mcu.externaltools.gnu-tools-for-stm32.13.3.rel1.linux64_1.0.0.202410170706/tools/bin/../lib/gcc/arm-none-eabi/13.3.1/../../../../arm-none-eabi/lib/thumb/v7e-m+fp/hard/libc_nano.a(libc_a-exit.o) (__stdio_exit_handler)
/opt/st/stm32cubeide_1.19.0/plugins/com.st.stm32cube.ide.mcu.externaltools.gnu-tools-for-stm32.13.3.rel1.linux64_1.0.0.202410170706/tools/bin/../lib/gcc/arm-none-eabi/13.3.1/../../../../arm-none-eabi/lib/thumb/v7e-m+fp/hard/libc_nano.a(libc_a-fwalk.o)
                              /opt/st/stm32cubeide_1.19.0/plugins/com.st.stm32cube.ide.mcu.externaltools.gnu-tools-for-stm32.13.3.rel1.linux64_1.0.0.202410170706/tools/bin/../lib/gcc/arm-none-eabi/13.3.1/../../../../arm-none-eabi/lib/thumb/v7e-m+fp/hard/libc_nano.a(libc_a-findfp.o) (_fwalk_sglue)
/opt/st/stm32cubeide_1.19.0/plugins/com.st.stm32cube.ide.mcu.externaltools.gnu-tools-for-stm32.13.3.rel1.linux64_1.0.0.202410170706/tools/bin/../lib/gcc/arm-none-eabi/13.3.1/../../../../arm-none-eabi/lib/thumb/v7e-m+fp/hard/libc_nano.a(libc_a-stdio.o)
                              /opt/st/stm32cubeide_1.19.0/plugins/com.st.stm32cube.ide.mcu.externaltools.gnu-tools-for-stm32.13.3.rel1.linux64_1.0.0.202410170706/tools/bin/../lib/gcc/arm-none-eabi/13.3.1/../../../../arm-none-eabi/lib/thumb/v7e-m+fp/hard/libc_nano.a(libc_a-findfp.o) (__sread)
/opt/st/stm32cubeide_1.19.0/plugins/com.st.stm32cube.ide.mcu.externaltools.gnu-tools-for-stm32.13.3.rel1.linux64_1.0.0.202410170706/tools/bin/../lib/gcc/arm-none-eabi/13.3.1/../../../../arm-none-eabi/lib/thumb/v7e-m+fp/hard/libc_nano.a(libc_a-memset.o)
                              /opt/st/stm32cubeide_1.19.0/plugins/com.st.stm32cube.ide.mcu.externaltools.gnu-tools-for-stm32.13.3.rel1.linux64_1.0.0.202410170706/tools/bin/../lib/gcc/arm-none-eabi/13.3.1/../../../../arm-none-eabi/lib/thumb/v7e-m+fp/hard/crt0.o (memset)
/opt/st/stm32cubeide_1.19.0/plugins/com.st.stm32cube.ide.mcu.externaltools.gnu-tools-for-stm32.13.3.rel1.linux64_1.0.0.202410170706/tools/bin/../lib/gcc/arm-none-eabi/13.3.1/../../../../arm-none-eabi/lib/thumb/v7e-m+fp/hard/libc_nano.a(libc_a-closer.o)
                              /opt/st/stm32cubeide_1.19.0/plugins/com.st.stm32cube.ide.mcu.externaltools.gnu-tools-for-stm32.13.3.rel1.linux64_1.0.0.202410170706/tools/bin/../lib/gcc/arm-none-eabi/13.3.1/../../../../arm-none-eabi/lib/thumb/v7e-m+fp/hard/libc_nano.a(libc_a-stdio.o) (_close_r)
/opt/st/stm32cubeide_1.19.0/plugins/com.st.stm32cube.ide.mcu.externaltools.gnu-tools-for-stm32.13.3.rel1.linux64_1.0.0.202410170706/tools/bin/../lib/gcc/arm-none-eabi/13.3.1/../../../../arm-none-eabi/lib/thumb/v7e-m+fp/hard/libc_nano.a(libc_a-reent.o)
                              /opt/st/stm32cubeide_1.19.0/plugins/com.st.stm32cube.ide.mcu.externaltools.gnu-tools-for-stm32.13.3.rel1.linux64_1.0.0.202410170706/tools/bin/../lib/gcc/arm-none-eabi/13.3.1/../../../../arm-none-eabi/lib/thumb/v7e-m+fp/hard/libc_nano.a(libc_a-closer.o) (errno)
/opt/st/stm32cubeide_1.19.0/plugins/com.st.stm32cube.ide.mcu.externaltools.gnu-tools-for-stm32.13.3.rel1.linux64_1.0.0.202410170706/tools/bin/../lib/gcc/arm-none-eabi/13.3.1/../../../../arm-none-eabi/lib/thumb/v7e-m+fp/hard/libc_nano.a(libc_a-impure.o)
                              /opt/st/stm32cubeide_1.19.0/plugins/com.st.stm32cube.ide.mcu.externaltools.gnu-tools-for-stm32.13.3.rel1.linux64_1.0.0.202410170706/tools/bin/../lib/gcc/arm-none-eabi/13.3.1/../../../../arm-none-eabi/lib/thumb/v7e-m+fp/hard/libc_nano.a(libc_a-reent.o) (_impure_ptr)
/opt/st/stm32cubeide_1.19.0/plugins/com.st.stm32cube.ide.mcu.externaltools.gnu-tools-for-stm32.13.3.rel1.linux64_1.0.0.202410170706/tools/bin/../lib/gcc/arm-none-eabi/13.3.1/../../../../arm-none-eabi/lib/thumb/v7e-m+fp/hard/libc_nano.a(libc_a-lseekr.o)
                              /opt/st/stm32cubeide_1.19.0/plugins/com.st.stm32cube.ide.mcu.externaltools.gnu-tools-for-stm32.13.3.rel1.linux64_1.0.0.202410170706/tools/bin/../lib/gcc/arm-none-eabi/13.3.1/../../../../arm-none-eabi/lib/thumb/v7e-m+fp/hard/libc_nano.a(libc_a-stdio.o) (_lseek_r)
[...]
Memory Configuration

Name             Origin             Length             Attributes
RAM              0x20000000         0x00020000         xrw
FLASH            0x08000000         0x00080000         xr
*default*        0x00000000         0xffffffff

Linker script and memory map

LOAD /opt/st/stm32cubeide_1.19.0/plugins/com.st.stm32cube.ide.mcu.externaltools.gnu-tools-for-stm32.13.3.rel1.linux64_1.0.0.202410170706/tools/bin/../lib/gcc/arm-none-eabi/13.3.1/thumb/v7e-m+fp/hard/crti.o
LOAD /opt/st/stm32cubeide_1.19.0/plugins/com.st.stm32cube.ide.mcu.externaltools.gnu-tools-for-stm32.13.3.rel1.linux64_1.0.0.202410170706/tools/bin/../lib/gcc/arm-none-eabi/13.3.1/thumb/v7e-m+fp/hard/crtbegin.o
LOAD /opt/st/stm32cubeide_1.19.0/plugins/com.st.stm32cube.ide.mcu.externaltools.gnu-tools-for-stm32.13.3.rel1.linux64_1.0.0.202410170706/tools/bin/../lib/gcc/arm-none-eabi/13.3.1/../../../../arm-none-eabi/lib/thumb/v7e-m+fp/hard/crt0.o
LOAD ./Core/Src/it.o
LOAD ./Core/Src/main.o
LOAD ./Core/Src/msp.o
LOAD ./Core/Src/syscalls.o
LOAD ./Core/Src/sysmem.o
LOAD ./Core/Src/system_stm32f4xx.o
LOAD ./Core/Startup/startup_stm32f446retx.o
LOAD ./Drivers/STM32F4xx_HAL_Driver/Src/stm32f4xx_hal.o
LOAD ./Drivers/STM32F4xx_HAL_Driver/Src/stm32f4xx_hal_cortex.o
LOAD ./Drivers/STM32F4xx_HAL_Driver/Src/stm32f4xx_hal_dma.o
LOAD ./Drivers/STM32F4xx_HAL_Driver/Src/stm32f4xx_hal_dma_ex.o
LOAD ./Drivers/STM32F4xx_HAL_Driver/Src/stm32f4xx_hal_exti.o
LOAD ./Drivers/STM32F4xx_HAL_Driver/Src/stm32f4xx_hal_flash.o
LOAD ./Drivers/STM32F4xx_HAL_Driver/Src/stm32f4xx_hal_flash_ex.o
LOAD ./Drivers/STM32F4xx_HAL_Driver/Src/stm32f4xx_hal_flash_ramfunc.o
LOAD ./Drivers/STM32F4xx_HAL_Driver/Src/stm32f4xx_hal_gpio.o
LOAD ./Drivers/STM32F4xx_HAL_Driver/Src/stm32f4xx_hal_pwr.o
LOAD ./Drivers/STM32F4xx_HAL_Driver/Src/stm32f4xx_hal_pwr_ex.o
LOAD ./Drivers/STM32F4xx_HAL_Driver/Src/stm32f4xx_hal_rcc.o
LOAD ./Drivers/STM32F4xx_HAL_Driver/Src/stm32f4xx_hal_rcc_ex.o
LOAD ./Drivers/STM32F4xx_HAL_Driver/Src/stm32f4xx_hal_tim.o
LOAD ./Drivers/STM32F4xx_HAL_Driver/Src/stm32f4xx_hal_tim_ex.o
START GROUP
LOAD /opt/st/stm32cubeide_1.19.0/plugins/com.st.stm32cube.ide.mcu.externaltools.gnu-tools-for-stm32.13.3.rel1.linux64_1.0.0.202410170706/tools/bin/../lib/gcc/arm-none-eabi/13.3.1/../../../../arm-none-eabi/lib/thumb/v7e-m+fp/hard/libc_nano.a
LOAD /opt/st/stm32cubeide_1.19.0/plugins/com.st.stm32cube.ide.mcu.externaltools.gnu-tools-for-stm32.13.3.rel1.linux64_1.0.0.202410170706/tools/bin/../lib/gcc/arm-none-eabi/13.3.1/../../../../arm-none-eabi/lib/thumb/v7e-m+fp/hard/libm.a
END GROUP
START GROUP
LOAD /opt/st/stm32cubeide_1.19.0/plugins/com.st.stm32cube.ide.mcu.externaltools.gnu-tools-for-stm32.13.3.rel1.linux64_1.0.0.202410170706/tools/bin/../lib/gcc/arm-none-eabi/13.3.1/thumb/v7e-m+fp/hard/libgcc.a
LOAD /opt/st/stm32cubeide_1.19.0/plugins/com.st.stm32cube.ide.mcu.externaltools.gnu-tools-for-stm32.13.3.rel1.linux64_1.0.0.202410170706/tools/bin/../lib/gcc/arm-none-eabi/13.3.1/../../../../arm-none-eabi/lib/thumb/v7e-m+fp/hard/libc_nano.a
END GROUP
START GROUP
LOAD /opt/st/stm32cubeide_1.19.0/plugins/com.st.stm32cube.ide.mcu.externaltools.gnu-tools-for-stm32.13.3.rel1.linux64_1.0.0.202410170706/tools/bin/../lib/gcc/arm-none-eabi/13.3.1/thumb/v7e-m+fp/hard/libgcc.a
LOAD /opt/st/stm32cubeide_1.19.0/plugins/com.st.stm32cube.ide.mcu.externaltools.gnu-tools-for-stm32.13.3.rel1.linux64_1.0.0.202410170706/tools/bin/../lib/gcc/arm-none-eabi/13.3.1/../../../../arm-none-eabi/lib/thumb/v7e-m+fp/hard/libc_nano.a
LOAD /opt/st/stm32cubeide_1.19.0/plugins/com.st.stm32cube.ide.mcu.externaltools.gnu-tools-for-stm32.13.3.rel1.linux64_1.0.0.202410170706/tools/bin/../lib/gcc/arm-none-eabi/13.3.1/../../../../arm-none-eabi/lib/thumb/v7e-m+fp/hard/libnosys.a
END GROUP
START GROUP
LOAD /opt/st/stm32cubeide_1.19.0/plugins/com.st.stm32cube.ide.mcu.externaltools.gnu-tools-for-stm32.13.3.rel1.linux64_1.0.0.202410170706/tools/bin/../lib/gcc/arm-none-eabi/13.3.1/thumb/v7e-m+fp/hard/libgcc.a
LOAD /opt/st/stm32cubeide_1.19.0/plugins/com.st.stm32cube.ide.mcu.externaltools.gnu-tools-for-stm32.13.3.rel1.linux64_1.0.0.202410170706/tools/bin/../lib/gcc/arm-none-eabi/13.3.1/../../../../arm-none-eabi/lib/thumb/v7e-m+fp/hard/libc_nano.a
LOAD /opt/st/stm32cubeide_1.19.0/plugins/com.st.stm32cube.ide.mcu.externaltools.gnu-tools-for-stm32.13.3.rel1.linux64_1.0.0.202410170706/tools/bin/../lib/gcc/arm-none-eabi/13.3.1/../../../../arm-none-eabi/lib/thumb/v7e-m+fp/hard/libnosys.a
END GROUP
LOAD /opt/st/stm32cubeide_1.19.0/plugins/com.st.stm32cube.ide.mcu.externaltools.gnu-tools-for-stm32.13.3.rel1.linux64_1.0.0.202410170706/tools/bin/../lib/gcc/arm-none-eabi/13.3.1/thumb/v7e-m+fp/hard/crtend.o
LOAD /opt/st/stm32cubeide_1.19.0/plugins/com.st.stm32cube.ide.mcu.externaltools.gnu-tools-for-stm32.13.3.rel1.linux64_1.0.0.202410170706/tools/bin/../lib/gcc/arm-none-eabi/13.3.1/thumb/v7e-m+fp/hard/crtn.o
                0x20020000                        _estack = (ORIGIN (RAM) + LENGTH (RAM))
                0x00000200                        _Min_Heap_Size = 0x200
                0x00000400                        _Min_Stack_Size = 0x400

.isr_vector     0x08000000      0x1c4
                0x08000000                        . = ALIGN (0x4)
 *(.isr_vector)
 .isr_vector    0x08000000      0x1c4 ./Core/Startup/startup_stm32f446retx.o
                0x08000000                g_pfnVectors
                0x080001c4                        . = ALIGN (0x4)

.text           0x080001c4     0x1ea4
                0x080001c4                        . = ALIGN (0x4)
 *(.text)
 .text          0x080001c4       0x40 /opt/st/stm32cubeide_1.19.0/plugins/com.st.stm32cube.ide.mcu.externaltools.gnu-tools-for-stm32.13.3.rel1.linux64_1.0.0.202410170706/tools/bin/../lib/gcc/arm-none-eabi/13.3.1/thumb/v7e-m+fp/hard/crtbegin.o
 .text          0x08000204       0x30 /opt/st/stm32cubeide_1.19.0/plugins/com.st.stm32cube.ide.mcu.externaltools.gnu-tools-for-stm32.13.3.rel1.linux64_1.0.0.202410170706/tools/bin/../lib/gcc/arm-none-eabi/13.3.1/thumb/v7e-m+fp/hard/libgcc.a(_aeabi_uldivmod.o)
                0x08000204                __aeabi_uldivmod
 .text          0x08000234      0x2f8 /opt/st/stm32cubeide_1.19.0/plugins/com.st.stm32cube.ide.mcu.externaltools.gnu-tools-for-stm32.13.3.rel1.linux64_1.0.0.202410170706/tools/bin/../lib/gcc/arm-none-eabi/13.3.1/thumb/v7e-m+fp/hard/libgcc.a(_udivmoddi4.o)
                0x08000234                __udivmoddi4
 .text          0x0800052c        0x4 /opt/st/stm32cubeide_1.19.0/plugins/com.st.stm32cube.ide.mcu.externaltools.gnu-tools-for-stm32.13.3.rel1.linux64_1.0.0.202410170706/tools/bin/../lib/gcc/arm-none-eabi/13.3.1/thumb/v7e-m+fp/hard/libgcc.a(_dvmd_tls.o)
                0x0800052c                __aeabi_ldiv0
                0x0800052c                __aeabi_idiv0
 *(.text*)
 .text.SysTick_Handler
                0x08000530       0x10 ./Core/Src/it.o
                0x08000530                SysTick_Handler
 .text.TIM6_DAC_IRQHandler
                0x08000540       0x14 ./Core/Src/it.o
                0x08000540                TIM6_DAC_IRQHandler
 .text.main     0x08000554       0x68 ./Core/Src/main.o
                0x08000554                main
 .text.SystemClock_Config
                0x080005bc      0x12c ./Core/Src/main.o
                0x080005bc                SystemClock_Config
 .text.GPIO_Init
                0x080006e8       0x48 ./Core/Src/main.o
                0x080006e8                GPIO_Init
 .text.TIMER6_Init
                0x08000730       0x34 ./Core/Src/main.o
                0x08000730                TIMER6_Init
 .text.HAL_TIM_PeriodElapsedCallback
                0x08000764       0x1c ./Core/Src/main.o
                0x08000764                HAL_TIM_PeriodElapsedCallback
 .text.Error_handler
                0x08000780        0x8 ./Core/Src/main.o
                0x08000780                Error_handler
 .text.HAL_MspInit
                0x08000788       0x44 ./Core/Src/msp.o
                0x08000788                HAL_MspInit
 .text.HAL_TIM_Base_MspInit
                0x080007cc       0x40 ./Core/Src/msp.o
                0x080007cc                HAL_TIM_Base_MspInit
 .text.SystemInit
                0x0800080c       0x24 ./Core/Src/system_stm32f4xx.o
                0x0800080c                SystemInit
 .text.Reset_Handler
                0x08000830       0x50 ./Core/Startup/startup_stm32f446retx.o
                0x08000830                Reset_Handler
 .text.Default_Handler
                0x08000880        0x2 ./Core/Startup/startup_stm32f446retx.o
                0x08000880                RTC_Alarm_IRQHandler
                0x08000880                EXTI2_IRQHandler
                0x08000880                TIM8_CC_IRQHandler
                0x08000880                DebugMon_Handler
                0x08000880                FMPI2C1_EV_IRQHandler
                0x08000880                SPI4_IRQHandler
                0x08000880                TIM1_CC_IRQHandler
                0x08000880                DMA2_Stream5_IRQHandler
                0x08000880                HardFault_Handler
                0x08000880                DMA1_Stream5_IRQHandler
                0x08000880                PVD_IRQHandler
                0x08000880                SDIO_IRQHandler
                0x08000880                TAMP_STAMP_IRQHandler
                0x08000880                PendSV_Handler
                0x08000880                NMI_Handler
                0x08000880                CAN2_RX1_IRQHandler
                0x08000880                EXTI3_IRQHandler
                0x08000880                TIM8_TRG_COM_TIM14_IRQHandler
                0x08000880                TIM1_UP_TIM10_IRQHandler
                0x08000880                TIM8_UP_TIM13_IRQHandler
                0x08000880                I2C3_ER_IRQHandler
                0x08000880                EXTI0_IRQHandler
                0x08000880                I2C2_EV_IRQHandler
                0x08000880                DMA1_Stream2_IRQHandler
                0x08000880                CAN1_RX0_IRQHandler
                0x08000880                FPU_IRQHandler
                0x08000880                OTG_HS_WKUP_IRQHandler
                0x08000880                UsageFault_Handler
                0x08000880                CAN2_SCE_IRQHandler
                0x08000880                DMA2_Stream2_IRQHandler
                0x08000880                SPI1_IRQHandler
                0x08000880                TIM1_BRK_TIM9_IRQHandler
                0x08000880                DCMI_IRQHandler
                0x08000880                CAN2_RX0_IRQHandler
                0x08000880                DMA2_Stream3_IRQHandler
                0x08000880                SAI2_IRQHandler
                0x08000880                USART6_IRQHandler
                0x08000880                USART3_IRQHandler
                0x08000880                CAN1_RX1_IRQHandler
                0x08000880                UART5_IRQHandler
                0x08000880                DMA2_Stream0_IRQHandler
                0x08000880                TIM4_IRQHandler
                0x08000880                QUADSPI_IRQHandler
                0x08000880                I2C1_EV_IRQHandler
                0x08000880                DMA1_Stream6_IRQHandler
                0x08000880                DMA1_Stream1_IRQHandler
                0x08000880                UART4_IRQHandler
                0x08000880                TIM3_IRQHandler
                0x08000880                RCC_IRQHandler
                0x08000880                TIM8_BRK_TIM12_IRQHandler
                0x08000880                Default_Handler
                0x08000880                CEC_IRQHandler
                0x08000880                EXTI15_10_IRQHandler
                0x08000880                ADC_IRQHandler
                0x08000880                DMA1_Stream7_IRQHandler
                0x08000880                TIM7_IRQHandler
                0x08000880                CAN2_TX_IRQHandler
                0x08000880                TIM5_IRQHandler
                0x08000880                DMA2_Stream7_IRQHandler
                0x08000880                I2C3_EV_IRQHandler
                0x08000880                EXTI9_5_IRQHandler
                0x08000880                RTC_WKUP_IRQHandler
                0x08000880                SPDIF_RX_IRQHandler
                0x08000880                SPI2_IRQHandler
                0x08000880                OTG_HS_EP1_IN_IRQHandler
                0x08000880                MemManage_Handler
                0x08000880                DMA1_Stream0_IRQHandler
                0x08000880                CAN1_TX_IRQHandler
                0x08000880                SVC_Handler
                0x08000880                FMPI2C1_ER_IRQHandler
                0x08000880                EXTI4_IRQHandler
                0x08000880                OTG_HS_EP1_OUT_IRQHandler
                0x08000880                WWDG_IRQHandler
                0x08000880                TIM2_IRQHandler
                0x08000880                OTG_FS_WKUP_IRQHandler
                0x08000880                TIM1_TRG_COM_TIM11_IRQHandler
                0x08000880                OTG_HS_IRQHandler
                0x08000880                EXTI1_IRQHandler
                0x08000880                USART2_IRQHandler
                0x08000880                I2C2_ER_IRQHandler
                0x08000880                DMA2_Stream1_IRQHandler
                0x08000880                CAN1_SCE_IRQHandler
                0x08000880                FLASH_IRQHandler
                0x08000880                DMA2_Stream4_IRQHandler
                0x08000880                BusFault_Handler
                0x08000880                USART1_IRQHandler
                0x08000880                OTG_FS_IRQHandler
                0x08000880                SPI3_IRQHandler
                0x08000880                DMA1_Stream4_IRQHandler
                0x08000880                I2C1_ER_IRQHandler
                0x08000880                FMC_IRQHandler
                0x08000880                DMA2_Stream6_IRQHandler
                0x08000880                SAI1_IRQHandler
                0x08000880                DMA1_Stream3_IRQHandler
 *fill*         0x08000882        0x2 
 .text.HAL_Init
                0x08000884       0x44 ./Drivers/STM32F4xx_HAL_Driver/Src/stm32f4xx_hal.o
                0x08000884                HAL_Init
 .text.HAL_InitTick
                0x080008c8       0x60 ./Drivers/STM32F4xx_HAL_Driver/Src/stm32f4xx_hal.o
                0x080008c8                HAL_InitTick
 .text.HAL_IncTick
                0x08000928       0x28 ./Drivers/STM32F4xx_HAL_Driver/Src/stm32f4xx_hal.o
                0x08000928                HAL_IncTick
 .text.HAL_GetTick
                0x08000950       0x18 ./Drivers/STM32F4xx_HAL_Driver/Src/stm32f4xx_hal.o
                0x08000950                HAL_GetTick
 .text.__NVIC_SetPriorityGrouping
                0x08000968       0x48 ./Drivers/STM32F4xx_HAL_Driver/Src/stm32f4xx_hal_cortex.o
 .text.__NVIC_GetPriorityGrouping
                0x080009b0       0x1c ./Drivers/STM32F4xx_HAL_Driver/Src/stm32f4xx_hal_cortex.o
 .text.__NVIC_EnableIRQ
                0x080009cc       0x3c ./Drivers/STM32F4xx_HAL_Driver/Src/stm32f4xx_hal_cortex.o
 .text.__NVIC_SetPriority
                0x08000a08       0x54 ./Drivers/STM32F4xx_HAL_Driver/Src/stm32f4xx_hal_cortex.o
 .text.NVIC_EncodePriority
                0x08000a5c       0x66 ./Drivers/STM32F4xx_HAL_Driver/Src/stm32f4xx_hal_cortex.o
 *fill*         0x08000ac2        0x2 
 .text.SysTick_Config
                0x08000ac4       0x44 ./Drivers/STM32F4xx_HAL_Driver/Src/stm32f4xx_hal_cortex.o
 .text.HAL_NVIC_SetPriorityGrouping
                0x08000b08       0x16 ./Drivers/STM32F4xx_HAL_Driver/Src/stm32f4xx_hal_cortex.o
                0x08000b08                HAL_NVIC_SetPriorityGrouping
 .text.HAL_NVIC_SetPriority
                0x08000b1e       0x38 ./Drivers/STM32F4xx_HAL_Driver/Src/stm32f4xx_hal_cortex.o
                0x08000b1e                HAL_NVIC_SetPriority
 .text.HAL_NVIC_EnableIRQ
                0x08000b56       0x1c ./Drivers/STM32F4xx_HAL_Driver/Src/stm32f4xx_hal_cortex.o
                0x08000b56                HAL_NVIC_EnableIRQ
 .text.HAL_SYSTICK_Config
                0x08000b72       0x18 ./Drivers/STM32F4xx_HAL_Driver/Src/stm32f4xx_hal_cortex.o
                0x08000b72                HAL_SYSTICK_Config
 *fill*         0x08000b8a        0x2 
 .text.HAL_SYSTICK_CLKSourceConfig
                0x08000b8c       0x38 ./Drivers/STM32F4xx_HAL_Driver/Src/stm32f4xx_hal_cortex.o
                0x08000b8c                HAL_SYSTICK_CLKSourceConfig
 .text.HAL_SYSTICK_IRQHandler
                0x08000bc4        0xc ./Drivers/STM32F4xx_HAL_Driver/Src/stm32f4xx_hal_cortex.o
                0x08000bc4                HAL_SYSTICK_IRQHandler
 .text.HAL_SYSTICK_Callback
                0x08000bd0        0xe ./Drivers/STM32F4xx_HAL_Driver/Src/stm32f4xx_hal_cortex.o
                0x08000bd0                HAL_SYSTICK_Callback
 *fill*         0x08000bde        0x2 
 .text.HAL_GPIO_Init
                0x08000be0      0x328 ./Drivers/STM32F4xx_HAL_Driver/Src/stm32f4xx_hal_gpio.o
                0x08000be0                HAL_GPIO_Init
 .text.HAL_GPIO_TogglePin
                0x08000f08       0x34 ./Drivers/STM32F4xx_HAL_Driver/Src/stm32f4xx_hal_gpio.o
                0x08000f08                HAL_GPIO_TogglePin
 .text.HAL_PWR_EnableBkUpAccess
                0x08000f3c       0x28 ./Drivers/STM32F4xx_HAL_Driver/Src/stm32f4xx_hal_pwr.o
                0x08000f3c                HAL_PWR_EnableBkUpAccess
 .text.HAL_RCC_ClockConfig
                0x08000f64      0x1cc ./Drivers/STM32F4xx_HAL_Driver/Src/stm32f4xx_hal_rcc.o
                0x08000f64                HAL_RCC_ClockConfig
 .text.HAL_RCC_GetHCLKFreq
                0x08001130       0x18 ./Drivers/STM32F4xx_HAL_Driver/Src/stm32f4xx_hal_rcc.o
                0x08001130                HAL_RCC_GetHCLKFreq
 .text.HAL_RCC_GetSysClockFreq
                0x08001148      0x460 ./Drivers/STM32F4xx_HAL_Driver/Src/stm32f4xx_hal_rcc_ex.o
                0x08001148                HAL_RCC_GetSysClockFreq
 .text.HAL_RCC_OscConfig
                0x080015a8      0x53c ./Drivers/STM32F4xx_HAL_Driver/Src/stm32f4xx_hal_rcc_ex.o
                0x080015a8                HAL_RCC_OscConfig
 .text.HAL_TIM_Base_Init
                0x08001ae4       0x9e ./Drivers/STM32F4xx_HAL_Driver/Src/stm32f4xx_hal_tim.o
                0x08001ae4                HAL_TIM_Base_Init
 *fill*         0x08001b82        0x2 
 .text.HAL_TIM_Base_Start_IT
                0x08001b84       0xe0 ./Drivers/STM32F4xx_HAL_Driver/Src/stm32f4xx_hal_tim.o
                0x08001b84                HAL_TIM_Base_Start_IT
 .text.HAL_TIM_IRQHandler
                0x08001c64      0x1e0 ./Drivers/STM32F4xx_HAL_Driver/Src/stm32f4xx_hal_tim.o
                0x08001c64                HAL_TIM_IRQHandler
 .text.HAL_TIM_OC_DelayElapsedCallback
                0x08001e44       0x14 ./Drivers/STM32F4xx_HAL_Driver/Src/stm32f4xx_hal_tim.o
                0x08001e44                HAL_TIM_OC_DelayElapsedCallback
 .text.HAL_TIM_IC_CaptureCallback
                0x08001e58       0x14 ./Drivers/STM32F4xx_HAL_Driver/Src/stm32f4xx_hal_tim.o
                0x08001e58                HAL_TIM_IC_CaptureCallback
 .text.HAL_TIM_PWM_PulseFinishedCallback
                0x08001e6c       0x14 ./Drivers/STM32F4xx_HAL_Driver/Src/stm32f4xx_hal_tim.o
                0x08001e6c                HAL_TIM_PWM_PulseFinishedCallback
 .text.HAL_TIM_TriggerCallback
                0x08001e80       0x14 ./Drivers/STM32F4xx_HAL_Driver/Src/stm32f4xx_hal_tim.o
                0x08001e80                HAL_TIM_TriggerCallback
 .text.TIM_Base_SetConfig
                0x08001e94      0x14c ./Drivers/STM32F4xx_HAL_Driver/Src/stm32f4xx_hal_tim.o
                0x08001e94                TIM_Base_SetConfig
 .text.HAL_TIMEx_CommutCallback
                0x08001fe0       0x14 ./Drivers/STM32F4xx_HAL_Driver/Src/stm32f4xx_hal_tim_ex.o
                0x08001fe0                HAL_TIMEx_CommutCallback
 .text.HAL_TIMEx_BreakCallback
                0x08001ff4       0x14 ./Drivers/STM32F4xx_HAL_Driver/Src/stm32f4xx_hal_tim_ex.o
                0x08001ff4                HAL_TIMEx_BreakCallback
 .text.__libc_init_array
                0x08002008       0x48 /opt/st/stm32cubeide_1.19.0/plugins/com.st.stm32cube.ide.mcu.externaltools.gnu-tools-for-stm32.13.3.rel1.linux64_1.0.0.202410170706/tools/bin/../lib/gcc/arm-none-eabi/13.3.1/../../../../arm-none-eabi/lib/thumb/v7e-m+fp/hard/libc_nano.a(libc_a-init.o)
                0x08002008                __libc_init_array
 *(.glue_7)
 .glue_7        0x08002050        0x0 linker stubs
 *(.glue_7t)
 .glue_7t       0x08002050        0x0 linker stubs
 *(.eh_frame)
 .eh_frame      0x08002050        0x0 /opt/st/stm32cubeide_1.19.0/plugins/com.st.stm32cube.ide.mcu.externaltools.gnu-tools-for-stm32.13.3.rel1.linux64_1.0.0.202410170706/tools/bin/../lib/gcc/arm-none-eabi/13.3.1/thumb/v7e-m+fp/hard/crtbegin.o
 *(.init)
 .init          0x08002050        0x4 /opt/st/stm32cubeide_1.19.0/plugins/com.st.stm32cube.ide.mcu.externaltools.gnu-tools-for-stm32.13.3.rel1.linux64_1.0.0.202410170706/tools/bin/../lib/gcc/arm-none-eabi/13.3.1/thumb/v7e-m+fp/hard/crti.o
                0x08002050                _init
 .init          0x08002054        0x8 /opt/st/stm32cubeide_1.19.0/plugins/com.st.stm32cube.ide.mcu.externaltools.gnu-tools-for-stm32.13.3.rel1.linux64_1.0.0.202410170706/tools/bin/../lib/gcc/arm-none-eabi/13.3.1/thumb/v7e-m+fp/hard/crtn.o
 *(.fini)
 .fini          0x0800205c        0x4 /opt/st/stm32cubeide_1.19.0/plugins/com.st.stm32cube.ide.mcu.externaltools.gnu-tools-for-stm32.13.3.rel1.linux64_1.0.0.202410170706/tools/bin/../lib/gcc/arm-none-eabi/13.3.1/thumb/v7e-m+fp/hard/crti.o
                0x0800205c                _fini
 .fini          0x08002060        0x8 /opt/st/stm32cubeide_1.19.0/plugins/com.st.stm32cube.ide.mcu.externaltools.gnu-tools-for-stm32.13.3.rel1.linux64_1.0.0.202410170706/tools/bin/../lib/gcc/arm-none-eabi/13.3.1/thumb/v7e-m+fp/hard/crtn.o
                0x08002068                        . = ALIGN (0x4)
                0x08002068                        _etext = .

.vfp11_veneer   0x08002068        0x0
 .vfp11_veneer  0x08002068        0x0 linker stubs

.v4_bx          0x08002068        0x0
 .v4_bx         0x08002068        0x0 linker stubs

.iplt           0x08002068        0x0
 .iplt          0x08002068        0x0 /opt/st/stm32cubeide_1.19.0/plugins/com.st.stm32cube.ide.mcu.externaltools.gnu-tools-for-stm32.13.3.rel1.linux64_1.0.0.202410170706/tools/bin/../lib/gcc/arm-none-eabi/13.3.1/thumb/v7e-m+fp/hard/crtbegin.o

.rodata         0x08002068       0x10
                0x08002068                        . = ALIGN (0x4)
 *(.rodata)
 *(.rodata*)
 .rodata.AHBPrescTable
                0x08002068       0x10 ./Core/Src/system_stm32f4xx.o
                0x08002068                AHBPrescTable
                0x08002078                        . = ALIGN (0x4)

.ARM.extab      0x08002078        0x0
                0x08002078                        . = ALIGN (0x4)
 *(.ARM.extab* .gnu.linkonce.armextab.*)
                0x08002078                        . = ALIGN (0x4)

.ARM            0x08002078        0x8
                0x08002078                        . = ALIGN (0x4)
                0x08002078                        __exidx_start = .
 *(.ARM.exidx*)
 .ARM.exidx     0x08002078        0x8 /opt/st/stm32cubeide_1.19.0/plugins/com.st.stm32cube.ide.mcu.externaltools.gnu-tools-for-stm32.13.3.rel1.linux64_1.0.0.202410170706/tools/bin/../lib/gcc/arm-none-eabi/13.3.1/thumb/v7e-m+fp/hard/libgcc.a(_udivmoddi4.o)
                0x08002080                        __exidx_end = .
                0x08002080                        . = ALIGN (0x4)

.preinit_array  0x08002080        0x0
                0x08002080                        . = ALIGN (0x4)
                0x08002080                        PROVIDE (__preinit_array_start = .)
 *(.preinit_array*)
                0x08002080                        PROVIDE (__preinit_array_end = .)
                0x08002080                        . = ALIGN (0x4)

.init_array     0x08002080        0x4
                0x08002080                        . = ALIGN (0x4)
                0x08002080                        PROVIDE (__init_array_start = .)
 *(SORT_BY_NAME(.init_array.*))
 *(.init_array*)
 .init_array    0x08002080        0x4 /opt/st/stm32cubeide_1.19.0/plugins/com.st.stm32cube.ide.mcu.externaltools.gnu-tools-for-stm32.13.3.rel1.linux64_1.0.0.202410170706/tools/bin/../lib/gcc/arm-none-eabi/13.3.1/thumb/v7e-m+fp/hard/crtbegin.o
                0x08002084                        PROVIDE (__init_array_end = .)
                0x08002084                        . = ALIGN (0x4)

.fini_array     0x08002084        0x4
                0x08002084                        . = ALIGN (0x4)
                [!provide]                        PROVIDE (__fini_array_start = .)
 *(SORT_BY_NAME(.fini_array.*))
 *(.fini_array*)
 .fini_array    0x08002084        0x4 /opt/st/stm32cubeide_1.19.0/plugins/com.st.stm32cube.ide.mcu.externaltools.gnu-tools-for-stm32.13.3.rel1.linux64_1.0.0.202410170706/tools/bin/../lib/gcc/arm-none-eabi/13.3.1/thumb/v7e-m+fp/hard/crtbegin.o
                [!provide]                        PROVIDE (__fini_array_end = .)
                0x08002088                        . = ALIGN (0x4)
                0x08002088                        _sidata = LOADADDR (.data)

.rel.dyn        0x08002088        0x0
 .rel.iplt      0x08002088        0x0 /opt/st/stm32cubeide_1.19.0/plugins/com.st.stm32cube.ide.mcu.externaltools.gnu-tools-for-stm32.13.3.rel1.linux64_1.0.0.202410170706/tools/bin/../lib/gcc/arm-none-eabi/13.3.1/thumb/v7e-m+fp/hard/crtbegin.o

.data           0x20000000        0xc load address 0x08002088
                0x20000000                        . = ALIGN (0x4)
                0x20000000                        _sdata = .
 *(.data)
 *(.data*)
 .data.SystemCoreClock
                0x20000000        0x4 ./Core/Src/system_stm32f4xx.o
                0x20000000                SystemCoreClock
 .data.uwTickPrio
                0x20000004        0x4 ./Drivers/STM32F4xx_HAL_Driver/Src/stm32f4xx_hal.o
                0x20000004                uwTickPrio
 .data.uwTickFreq
                0x20000008        0x1 ./Drivers/STM32F4xx_HAL_Driver/Src/stm32f4xx_hal.o
                0x20000008                uwTickFreq
 *(.RamFunc)
 *(.RamFunc*)
                0x2000000c                        . = ALIGN (0x4)
 *fill*         0x20000009        0x3 
                0x2000000c                        _edata = .

.igot.plt       0x2000000c        0x0 load address 0x08002094
 .igot.plt      0x2000000c        0x0 /opt/st/stm32cubeide_1.19.0/plugins/com.st.stm32cube.ide.mcu.externaltools.gnu-tools-for-stm32.13.3.rel1.linux64_1.0.0.202410170706/tools/bin/../lib/gcc/arm-none-eabi/13.3.1/thumb/v7e-m+fp/hard/crtbegin.o
                0x2000000c                        . = ALIGN (0x4)

.bss            0x2000000c       0x68 load address 0x08002094
                0x2000000c                        _sbss = .
                0x2000000c                        __bss_start__ = _sbss
 *(.bss)
 .bss           0x2000000c       0x1c /opt/st/stm32cubeide_1.19.0/plugins/com.st.stm32cube.ide.mcu.externaltools.gnu-tools-for-stm32.13.3.rel1.linux64_1.0.0.202410170706/tools/bin/../lib/gcc/arm-none-eabi/13.3.1/thumb/v7e-m+fp/hard/crtbegin.o
 *(.bss*)
 .bss.htimer6   0x20000028       0x48 ./Core/Src/main.o
                0x20000028                htimer6
 .bss.uwTick    0x20000070        0x4 ./Drivers/STM32F4xx_HAL_Driver/Src/stm32f4xx_hal.o
                0x20000070                uwTick
 *(COMMON)
                0x20000074                        . = ALIGN (0x4)
                0x20000074                        _ebss = .
                0x20000074                        __bss_end__ = _ebss

._user_heap_stack
                0x20000074      0x604 load address 0x08002094
                0x20000078                        . = ALIGN (0x8)
 *fill*         0x20000074        0x4 
                [!provide]                        PROVIDE (end = .)
                0x20000078                        PROVIDE (_end = .)
                0x20000278                        . = (. + _Min_Heap_Size)
 *fill*         0x20000078      0x200 
                0x20000678                        . = (. + _Min_Stack_Size)
 *fill*         0x20000278      0x400 
                0x20000678                        . = ALIGN (0x8)

/DISCARD/
 libc.a(*)
 libm.a(*)
 libgcc.a(*)

.ARM.attributes
                0x00000000       0x30
 *(.ARM.attributes)
 .ARM.attributes
                0x00000000       0x22 /opt/st/stm32cubeide_1.19.0/plugins/com.st.stm32cube.ide.mcu.externaltools.gnu-tools-for-stm32.13.3.rel1.linux64_1.0.0.202410170706/tools/bin/../lib/gcc/arm-none-eabi/13.3.1/thumb/v7e-m+fp/hard/crti.o
 .ARM.attributes
                0x00000022       0x34 /opt/st/stm32cubeide_1.19.0/plugins/com.st.stm32cube.ide.mcu.externaltools.gnu-tools-for-stm32.13.3.rel1.linux64_1.0.0.202410170706/tools/bin/../lib/gcc/arm-none-eabi/13.3.1/thumb/v7e-m+fp/hard/crtbegin.o
 .ARM.attributes
                0x00000056       0x34 ./Core/Src/it.o
 .ARM.attributes
                0x0000008a       0x34 ./Core/Src/main.o
 .ARM.attributes
                0x000000be       0x34 ./Core/Src/msp.o
 .ARM.attributes
                0x000000f2       0x34 ./Core/Src/system_stm32f4xx.o
 .ARM.attributes
                0x00000126       0x21 ./Core/Startup/startup_stm32f446retx.o
 .ARM.attributes
                0x00000147       0x34 ./Drivers/STM32F4xx_HAL_Driver/Src/stm32f4xx_hal.o
 .ARM.attributes
                0x0000017b       0x34 ./Drivers/STM32F4xx_HAL_Driver/Src/stm32f4xx_hal_cortex.o
 .ARM.attributes
                0x000001af       0x34 ./Drivers/STM32F4xx_HAL_Driver/Src/stm32f4xx_hal_gpio.o
 .ARM.attributes
                0x000001e3       0x34 ./Drivers/STM32F4xx_HAL_Driver/Src/stm32f4xx_hal_pwr.o
 .ARM.attributes
                0x00000217       0x34 ./Drivers/STM32F4xx_HAL_Driver/Src/stm32f4xx_hal_rcc.o
 .ARM.attributes
                0x0000024b       0x34 ./Drivers/STM32F4xx_HAL_Driver/Src/stm32f4xx_hal_rcc_ex.o
 .ARM.attributes
                0x0000027f       0x34 ./Drivers/STM32F4xx_HAL_Driver/Src/stm32f4xx_hal_tim.o
 .ARM.attributes
                0x000002b3       0x34 ./Drivers/STM32F4xx_HAL_Driver/Src/stm32f4xx_hal_tim_ex.o
 .ARM.attributes
                0x000002e7       0x34 /opt/st/stm32cubeide_1.19.0/plugins/com.st.stm32cube.ide.mcu.externaltools.gnu-tools-for-stm32.13.3.rel1.linux64_1.0.0.202410170706/tools/bin/../lib/gcc/arm-none-eabi/13.3.1/../../../../arm-none-eabi/lib/thumb/v7e-m+fp/hard/libc_nano.a(libc_a-init.o)
 .ARM.attributes
                0x0000031b       0x22 /opt/st/stm32cubeide_1.19.0/plugins/com.st.stm32cube.ide.mcu.externaltools.gnu-tools-for-stm32.13.3.rel1.linux64_1.0.0.202410170706/tools/bin/../lib/gcc/arm-none-eabi/13.3.1/thumb/v7e-m+fp/hard/libgcc.a(_aeabi_uldivmod.o)
 .ARM.attributes
                0x0000033d       0x34 /opt/st/stm32cubeide_1.19.0/plugins/com.st.stm32cube.ide.mcu.externaltools.gnu-tools-for-stm32.13.3.rel1.linux64_1.0.0.202410170706/tools/bin/../lib/gcc/arm-none-eabi/13.3.1/thumb/v7e-m+fp/hard/libgcc.a(_udivmoddi4.o)
 .ARM.attributes
                0x00000371       0x22 /opt/st/stm32cubeide_1.19.0/plugins/com.st.stm32cube.ide.mcu.externaltools.gnu-tools-for-stm32.13.3.rel1.linux64_1.0.0.202410170706/tools/bin/../lib/gcc/arm-none-eabi/13.3.1/thumb/v7e-m+fp/hard/libgcc.a(_dvmd_tls.o)
 .ARM.attributes
                0x00000393       0x22 /opt/st/stm32cubeide_1.19.0/plugins/com.st.stm32cube.ide.mcu.externaltools.gnu-tools-for-stm32.13.3.rel1.linux64_1.0.0.202410170706/tools/bin/../lib/gcc/arm-none-eabi/13.3.1/thumb/v7e-m+fp/hard/crtn.o
OUTPUT(008_Time_base_10ms.elf elf32-littlearm)
LOAD linker stubs
LOAD /opt/st/stm32cubeide_1.19.0/plugins/com.st.stm32cube.ide.mcu.externaltools.gnu-tools-for-stm32.13.3.rel1.linux64_1.0.0.202410170706/tools/bin/../lib/gcc/arm-none-eabi/13.3.1/../../../../arm-none-eabi/lib/thumb/v7e-m+fp/hard/libc.a
LOAD /opt/st/stm32cubeide_1.19.0/plugins/com.st.stm32cube.ide.mcu.externaltools.gnu-tools-for-stm32.13.3.rel1.linux64_1.0.0.202410170706/tools/bin/../lib/gcc/arm-none-eabi/13.3.1/../../../../arm-none-eabi/lib/thumb/v7e-m+fp/hard/libm.a
LOAD /opt/st/stm32cubeide_1.19.0/plugins/com.st.stm32cube.ide.mcu.externaltools.gnu-tools-for-stm32.13.3.rel1.linux64_1.0.0.202410170706/tools/bin/../lib/gcc/arm-none-eabi/13.3.1/thumb/v7e-m+fp/hard/libgcc.a

.debug_info     0x00000000     0x9bee
 .debug_info    0x00000000      0x66a ./Core/Src/it.o
 .debug_info    0x0000066a      0xcd0 ./Core/Src/main.o
 .debug_info    0x0000133a      0xce3 ./Core/Src/msp.o
 .debug_info    0x0000201d      0x54a ./Core/Src/system_stm32f4xx.o
 .debug_info    0x00002567       0x30 ./Core/Startup/startup_stm32f446retx.o
 .debug_info    0x00002597      0x99a ./Drivers/STM32F4xx_HAL_Driver/Src/stm32f4xx_hal.o
 .debug_info    0x00002f31      0xdaa ./Drivers/STM32F4xx_HAL_Driver/Src/stm32f4xx_hal_cortex.o
 .debug_info    0x00003cdb      0x70b ./Drivers/STM32F4xx_HAL_Driver/Src/stm32f4xx_hal_gpio.o
 .debug_info    0x000043e6      0x731 ./Drivers/STM32F4xx_HAL_Driver/Src/stm32f4xx_hal_pwr.o
 .debug_info    0x00004b17      0x8ff ./Drivers/STM32F4xx_HAL_Driver/Src/stm32f4xx_hal_rcc.o
 .debug_info    0x00005416      0x960 ./Drivers/STM32F4xx_HAL_Driver/Src/stm32f4xx_hal_rcc_ex.o
 .debug_info    0x00005d76     0x299d ./Drivers/STM32F4xx_HAL_Driver/Src/stm32f4xx_hal_tim.o
 .debug_info    0x00008713     0x14db ./Drivers/STM32F4xx_HAL_Driver/Src/stm32f4xx_hal_tim_ex.o

.debug_abbrev   0x00000000     0x193d
 .debug_abbrev  0x00000000      0x18a ./Core/Src/it.o
 .debug_abbrev  0x0000018a      0x26d ./Core/Src/main.o
 .debug_abbrev  0x000003f7      0x1a4 ./Core/Src/msp.o
 .debug_abbrev  0x0000059b      0x11a ./Core/Src/system_stm32f4xx.o
 .debug_abbrev  0x000006b5       0x24 ./Core/Startup/startup_stm32f446retx.o
 .debug_abbrev  0x000006d9      0x214 ./Drivers/STM32F4xx_HAL_Driver/Src/stm32f4xx_hal.o
 .debug_abbrev  0x000008ed      0x31d ./Drivers/STM32F4xx_HAL_Driver/Src/stm32f4xx_hal_cortex.o
 .debug_abbrev  0x00000c0a      0x1d4 ./Drivers/STM32F4xx_HAL_Driver/Src/stm32f4xx_hal_gpio.o
 .debug_abbrev  0x00000dde      0x19c ./Drivers/STM32F4xx_HAL_Driver/Src/stm32f4xx_hal_pwr.o
 .debug_abbrev  0x00000f7a      0x2b7 ./Drivers/STM32F4xx_HAL_Driver/Src/stm32f4xx_hal_rcc.o
 .debug_abbrev  0x00001231      0x211 ./Drivers/STM32F4xx_HAL_Driver/Src/stm32f4xx_hal_rcc_ex.o
 .debug_abbrev  0x00001442      0x278 ./Drivers/STM32F4xx_HAL_Driver/Src/stm32f4xx_hal_tim.o
 .debug_abbrev  0x000016ba      0x283 ./Drivers/STM32F4xx_HAL_Driver/Src/stm32f4xx_hal_tim_ex.o

.debug_aranges  0x00000000      0xa38
 .debug_aranges
                0x00000000       0x28 ./Core/Src/it.o
 .debug_aranges
                0x00000028       0x48 ./Core/Src/main.o
 .debug_aranges
                0x00000070       0x28 ./Core/Src/msp.o
 .debug_aranges
                0x00000098       0x28 ./Core/Src/system_stm32f4xx.o
 .debug_aranges
                0x000000c0       0x28 ./Core/Startup/startup_stm32f446retx.o
 .debug_aranges
                0x000000e8       0xf0 ./Drivers/STM32F4xx_HAL_Driver/Src/stm32f4xx_hal.o
 .debug_aranges
                0x000001d8      0x130 ./Drivers/STM32F4xx_HAL_Driver/Src/stm32f4xx_hal_cortex.o
 .debug_aranges
                0x00000308       0x58 ./Drivers/STM32F4xx_HAL_Driver/Src/stm32f4xx_hal_gpio.o
 .debug_aranges
                0x00000360       0xa0 ./Drivers/STM32F4xx_HAL_Driver/Src/stm32f4xx_hal_pwr.o
 .debug_aranges
                0x00000400       0x88 ./Drivers/STM32F4xx_HAL_Driver/Src/stm32f4xx_hal_rcc.o
 .debug_aranges
                0x00000488       0x78 ./Drivers/STM32F4xx_HAL_Driver/Src/stm32f4xx_hal_rcc_ex.o
 .debug_aranges
                0x00000500      0x3d0 ./Drivers/STM32F4xx_HAL_Driver/Src/stm32f4xx_hal_tim.o
 .debug_aranges
                0x000008d0      0x168 ./Drivers/STM32F4xx_HAL_Driver/Src/stm32f4xx_hal_tim_ex.o

.debug_rnglists
                0x00000000      0x7dc
 .debug_rnglists
                0x00000000       0x19 ./Core/Src/it.o
 .debug_rnglists
                0x00000019       0x32 ./Core/Src/main.o
 .debug_rnglists
                0x0000004b       0x19 ./Core/Src/msp.o
 .debug_rnglists
                0x00000064       0x1a ./Core/Src/system_stm32f4xx.o
 .debug_rnglists
                0x0000007e       0x19 ./Core/Startup/startup_stm32f446retx.o
 .debug_rnglists
                0x00000097       0xaf ./Drivers/STM32F4xx_HAL_Driver/Src/stm32f4xx_hal.o
 .debug_rnglists
                0x00000146       0xe0 ./Drivers/STM32F4xx_HAL_Driver/Src/stm32f4xx_hal_cortex.o
 .debug_rnglists
                0x00000226       0x3f ./Drivers/STM32F4xx_HAL_Driver/Src/stm32f4xx_hal_gpio.o
 .debug_rnglists
                0x00000265       0x74 ./Drivers/STM32F4xx_HAL_Driver/Src/stm32f4xx_hal_pwr.o
 .debug_rnglists
                0x000002d9       0x66 ./Drivers/STM32F4xx_HAL_Driver/Src/stm32f4xx_hal_rcc.o
 .debug_rnglists
                0x0000033f       0x5e ./Drivers/STM32F4xx_HAL_Driver/Src/stm32f4xx_hal_rcc_ex.o
 .debug_rnglists
                0x0000039d      0x31a ./Drivers/STM32F4xx_HAL_Driver/Src/stm32f4xx_hal_tim.o
 .debug_rnglists
                0x000006b7      0x125 ./Drivers/STM32F4xx_HAL_Driver/Src/stm32f4xx_hal_tim_ex.o

.debug_macro    0x00000000    0x2184a
 .debug_macro   0x00000000      0x1d3 ./Core/Src/it.o
 .debug_macro   0x000001d3      0xad8 ./Core/Src/it.o
 .debug_macro   0x00000cab      0x295 ./Core/Src/it.o
 .debug_macro   0x00000f40       0x2e ./Core/Src/it.o
 .debug_macro   0x00000f6e       0x28 ./Core/Src/it.o
 .debug_macro   0x00000f96       0x22 ./Core/Src/it.o
 .debug_macro   0x00000fb8       0x8e ./Core/Src/it.o
 .debug_macro   0x00001046       0x51 ./Core/Src/it.o
 .debug_macro   0x00001097      0x103 ./Core/Src/it.o
 .debug_macro   0x0000119a       0x6a ./Core/Src/it.o
 .debug_macro   0x00001204      0x1df ./Core/Src/it.o
 .debug_macro   0x000013e3       0x1c ./Core/Src/it.o
 .debug_macro   0x000013ff       0x22 ./Core/Src/it.o
 .debug_macro   0x00001421       0xfb ./Core/Src/it.o
 .debug_macro   0x0000151c     0x1011 ./Core/Src/it.o
 .debug_macro   0x0000252d      0x11f ./Core/Src/it.o
 .debug_macro   0x0000264c    0x1675e ./Core/Src/it.o
 .debug_macro   0x00018daa       0x6d ./Core/Src/it.o
 .debug_macro   0x00018e17     0x3693 ./Core/Src/it.o
 .debug_macro   0x0001c4aa      0x190 ./Core/Src/it.o
 .debug_macro   0x0001c63a       0x5c ./Core/Src/it.o
 .debug_macro   0x0001c696      0xca5 ./Core/Src/it.o
 .debug_macro   0x0001d33b      0x9e9 ./Core/Src/it.o
 .debug_macro   0x0001dd24      0x115 ./Core/Src/it.o
 .debug_macro   0x0001de39      0x1a0 ./Core/Src/it.o
 .debug_macro   0x0001dfd9       0xa5 ./Core/Src/it.o
 .debug_macro   0x0001e07e      0x16d ./Core/Src/it.o
 .debug_macro   0x0001e1eb      0x287 ./Core/Src/it.o
 .debug_macro   0x0001e472       0x5f ./Core/Src/it.o
 .debug_macro   0x0001e4d1      0x236 ./Core/Src/it.o
 .debug_macro   0x0001e707      0x132 ./Core/Src/it.o
 .debug_macro   0x0001e839      0x29c ./Core/Src/it.o
 .debug_macro   0x0001ead5       0x2e ./Core/Src/it.o
 .debug_macro   0x0001eb03      0x127 ./Core/Src/it.o
 .debug_macro   0x0001ec2a       0xe8 ./Core/Src/it.o
 .debug_macro   0x0001ed12       0x89 ./Core/Src/it.o
 .debug_macro   0x0001ed9b      0x8ed ./Core/Src/it.o
 .debug_macro   0x0001f688       0x53 ./Core/Src/it.o
 .debug_macro   0x0001f6db      0x126 ./Core/Src/it.o
 .debug_macro   0x0001f801       0x16 ./Core/Src/it.o
 .debug_macro   0x0001f817      0x2d5 ./Core/Src/main.o
 .debug_macro   0x0001faec       0x5b ./Core/Src/main.o
 .debug_macro   0x0001fb47       0x2a ./Core/Src/main.o
 .debug_macro   0x0001fb71       0x94 ./Core/Src/main.o
 .debug_macro   0x0001fc05       0x43 ./Core/Src/main.o
 .debug_macro   0x0001fc48       0x34 ./Core/Src/main.o
 .debug_macro   0x0001fc7c       0x57 ./Core/Src/main.o
 .debug_macro   0x0001fcd3      0x370 ./Core/Src/main.o
 .debug_macro   0x00020043       0x16 ./Core/Src/main.o
 .debug_macro   0x00020059       0x4a ./Core/Src/main.o
 .debug_macro   0x000200a3       0x34 ./Core/Src/main.o
 .debug_macro   0x000200d7       0x10 ./Core/Src/main.o
 .debug_macro   0x000200e7       0x58 ./Core/Src/main.o
 .debug_macro   0x0002013f       0x8e ./Core/Src/main.o
 .debug_macro   0x000201cd       0x1c ./Core/Src/main.o
 .debug_macro   0x000201e9      0x185 ./Core/Src/main.o
 .debug_macro   0x0002036e       0x10 ./Core/Src/main.o
 .debug_macro   0x0002037e       0x3c ./Core/Src/main.o
 .debug_macro   0x000203ba       0x20 ./Core/Src/main.o
 .debug_macro   0x000203da       0x1c ./Core/Src/main.o
 .debug_macro   0x000203f6       0x10 ./Core/Src/main.o
 .debug_macro   0x00020406       0x1c ./Core/Src/main.o
 .debug_macro   0x00020422       0x16 ./Core/Src/main.o
 .debug_macro   0x00020438      0x146 ./Core/Src/main.o
 .debug_macro   0x0002057e       0x56 ./Core/Src/main.o
 .debug_macro   0x000205d4       0x1c ./Core/Src/main.o
 .debug_macro   0x000205f0      0x1d3 ./Core/Src/msp.o
 .debug_macro   0x000207c3      0x1c4 ./Core/Src/system_stm32f4xx.o
 .debug_macro   0x00020987      0x224 ./Drivers/STM32F4xx_HAL_Driver/Src/stm32f4xx_hal.o
 .debug_macro   0x00020bab      0x1c4 ./Drivers/STM32F4xx_HAL_Driver/Src/stm32f4xx_hal_cortex.o
 .debug_macro   0x00020d6f      0x1ca ./Drivers/STM32F4xx_HAL_Driver/Src/stm32f4xx_hal_gpio.o
 .debug_macro   0x00020f39      0x1dc ./Drivers/STM32F4xx_HAL_Driver/Src/stm32f4xx_hal_pwr.o
 .debug_macro   0x00021115      0x1e8 ./Drivers/STM32F4xx_HAL_Driver/Src/stm32f4xx_hal_rcc.o
 .debug_macro   0x000212fd      0x1c4 ./Drivers/STM32F4xx_HAL_Driver/Src/stm32f4xx_hal_rcc_ex.o
 .debug_macro   0x000214c1      0x1c5 ./Drivers/STM32F4xx_HAL_Driver/Src/stm32f4xx_hal_tim.o
 .debug_macro   0x00021686      0x1c4 ./Drivers/STM32F4xx_HAL_Driver/Src/stm32f4xx_hal_tim_ex.o

.debug_line     0x00000000     0xb771
 .debug_line    0x00000000      0x67b ./Core/Src/it.o
 .debug_line    0x0000067b      0x905 ./Core/Src/main.o
 .debug_line    0x00000f80      0x688 ./Core/Src/msp.o
 .debug_line    0x00001608      0x6e9 ./Core/Src/system_stm32f4xx.o
 .debug_line    0x00001cf1       0x7a ./Core/Startup/startup_stm32f446retx.o
 .debug_line    0x00001d6b      0x965 ./Drivers/STM32F4xx_HAL_Driver/Src/stm32f4xx_hal.o
 .debug_line    0x000026d0      0xc35 ./Drivers/STM32F4xx_HAL_Driver/Src/stm32f4xx_hal_cortex.o
 .debug_line    0x00003305      0xaa9 ./Drivers/STM32F4xx_HAL_Driver/Src/stm32f4xx_hal_gpio.o
 .debug_line    0x00003dae      0x873 ./Drivers/STM32F4xx_HAL_Driver/Src/stm32f4xx_hal_pwr.o
 .debug_line    0x00004621      0xd80 ./Drivers/STM32F4xx_HAL_Driver/Src/stm32f4xx_hal_rcc.o
 .debug_line    0x000053a1     0x1431 ./Drivers/STM32F4xx_HAL_Driver/Src/stm32f4xx_hal_rcc_ex.o
 .debug_line    0x000067d2     0x36da ./Drivers/STM32F4xx_HAL_Driver/Src/stm32f4xx_hal_tim.o
 .debug_line    0x00009eac     0x18c5 ./Drivers/STM32F4xx_HAL_Driver/Src/stm32f4xx_hal_tim_ex.o

.debug_str      0x00000000    0xce407
 .debug_str     0x00000000    0xce407 ./Core/Src/it.o
                              0xc7e7e (size before relaxing)
 .debug_str     0x000ce407    0xcba7c ./Core/Src/main.o
 .debug_str     0x000ce407    0xc8551 ./Core/Src/msp.o
 .debug_str     0x000ce407    0xc7a9e ./Core/Src/system_stm32f4xx.o
 .debug_str     0x000ce407       0x7e ./Core/Startup/startup_stm32f446retx.o
 .debug_str     0x000ce407    0xc8663 ./Drivers/STM32F4xx_HAL_Driver/Src/stm32f4xx_hal.o
 .debug_str     0x000ce407    0xc83ba ./Drivers/STM32F4xx_HAL_Driver/Src/stm32f4xx_hal_cortex.o
 .debug_str     0x000ce407    0xc7c19 ./Drivers/STM32F4xx_HAL_Driver/Src/stm32f4xx_hal_gpio.o
 .debug_str     0x000ce407    0xc7cd4 ./Drivers/STM32F4xx_HAL_Driver/Src/stm32f4xx_hal_pwr.o
 .debug_str     0x000ce407    0xc7ed7 ./Drivers/STM32F4xx_HAL_Driver/Src/stm32f4xx_hal_rcc.o
 .debug_str     0x000ce407    0xc7f0a ./Drivers/STM32F4xx_HAL_Driver/Src/stm32f4xx_hal_rcc_ex.o
 .debug_str     0x000ce407    0xc8e03 ./Drivers/STM32F4xx_HAL_Driver/Src/stm32f4xx_hal_tim.o
 .debug_str     0x000ce407    0xc860f ./Drivers/STM32F4xx_HAL_Driver/Src/stm32f4xx_hal_tim_ex.o

.comment        0x00000000       0x43
 .comment       0x00000000       0x43 ./Core/Src/it.o
                                 0x44 (size before relaxing)
 .comment       0x00000043       0x44 ./Core/Src/main.o
 .comment       0x00000043       0x44 ./Core/Src/msp.o
 .comment       0x00000043       0x44 ./Core/Src/system_stm32f4xx.o
 .comment       0x00000043       0x44 ./Drivers/STM32F4xx_HAL_Driver/Src/stm32f4xx_hal.o
 .comment       0x00000043       0x44 ./Drivers/STM32F4xx_HAL_Driver/Src/stm32f4xx_hal_cortex.o
 .comment       0x00000043       0x44 ./Drivers/STM32F4xx_HAL_Driver/Src/stm32f4xx_hal_gpio.o
 .comment       0x00000043       0x44 ./Drivers/STM32F4xx_HAL_Driver/Src/stm32f4xx_hal_pwr.o
 .comment       0x00000043       0x44 ./Drivers/STM32F4xx_HAL_Driver/Src/stm32f4xx_hal_rcc.o
 .comment       0x00000043       0x44 ./Drivers/STM32F4xx_HAL_Driver/Src/stm32f4xx_hal_rcc_ex.o
 .comment       0x00000043       0x44 ./Drivers/STM32F4xx_HAL_Driver/Src/stm32f4xx_hal_tim.o
 .comment       0x00000043       0x44 ./Drivers/STM32F4xx_HAL_Driver/Src/stm32f4xx_hal_tim_ex.o

.debug_frame    0x00000000     0x2a4c
 .debug_frame   0x00000000       0x48 ./Core/Src/it.o
 .debug_frame   0x00000048       0xd0 ./Core/Src/main.o
 .debug_frame   0x00000118       0x50 ./Core/Src/msp.o
 .debug_frame   0x00000168       0x58 ./Core/Src/system_stm32f4xx.o
 .debug_frame   0x000001c0      0x374 ./Drivers/STM32F4xx_HAL_Driver/Src/stm32f4xx_hal.o
 .debug_frame   0x00000534      0x508 ./Drivers/STM32F4xx_HAL_Driver/Src/stm32f4xx_hal_cortex.o
 .debug_frame   0x00000a3c      0x14c ./Drivers/STM32F4xx_HAL_Driver/Src/stm32f4xx_hal_gpio.o
 .debug_frame   0x00000b88      0x264 ./Drivers/STM32F4xx_HAL_Driver/Src/stm32f4xx_hal_pwr.o
 .debug_frame   0x00000dec      0x1f4 ./Drivers/STM32F4xx_HAL_Driver/Src/stm32f4xx_hal_rcc.o
 .debug_frame   0x00000fe0      0x1e8 ./Drivers/STM32F4xx_HAL_Driver/Src/stm32f4xx_hal_rcc_ex.o
 .debug_frame   0x000011c8     0x11c0 ./Drivers/STM32F4xx_HAL_Driver/Src/stm32f4xx_hal_tim.o
 .debug_frame   0x00002388      0x638 ./Drivers/STM32F4xx_HAL_Driver/Src/stm32f4xx_hal_tim_ex.o
 .debug_frame   0x000029c0       0x2c /opt/st/stm32cubeide_1.19.0/plugins/com.st.stm32cube.ide.mcu.externaltools.gnu-tools-for-stm32.13.3.rel1.linux64_1.0.0.202410170706/tools/bin/../lib/gcc/arm-none-eabi/13.3.1/../../../../arm-none-eabi/lib/thumb/v7e-m+fp/hard/libc_nano.a(libc_a-init.o)
 .debug_frame   0x000029ec       0x2c /opt/st/stm32cubeide_1.19.0/plugins/com.st.stm32cube.ide.mcu.externaltools.gnu-tools-for-stm32.13.3.rel1.linux64_1.0.0.202410170706/tools/bin/../lib/gcc/arm-none-eabi/13.3.1/thumb/v7e-m+fp/hard/libgcc.a(_aeabi_uldivmod.o)
 .debug_frame   0x00002a18       0x34 /opt/st/stm32cubeide_1.19.0/plugins/com.st.stm32cube.ide.mcu.externaltools.gnu-tools-for-stm32.13.3.rel1.linux64_1.0.0.202410170706/tools/bin/../lib/gcc/arm-none-eabi/13.3.1/thumb/v7e-m+fp/hard/libgcc.a(_udivmoddi4.o)

.debug_line_str
                0x00000000       0x62
 .debug_line_str
                0x00000000       0x62 ./Core/Startup/startup_stm32f446retx.o
